[     322ms] Uncaught Error: ga
    at oh (https://translate.googleapis.com/_/translate_http/_/js/k=translate_http.tr.id.dYg8Kd2Ys0c.O/am=BECAAQ/d=1/ed=1/rs=AN8SPfrfpV1fVD671RMt7gltiU7OddeqCg/m=el_main:175:212)
    at nh (https://translate.googleapis.com/_/translate_http/_/js/k=translate_http.tr.id.dYg8Kd2Ys0c.O/am=BECAAQ/d=1/ed=1/rs=AN8SPfrfpV1fVD671RMt7gltiU7OddeqCg/m=el_main:174:215)
    at _.I (https://translate.googleapis.com/_/translate_http/_/js/k=translate_http.tr.id.dYg8Kd2Ys0c.O/am=BECAAQ/d=1/ed=1/rs=AN8SPfrfpV1fVD671RMt7gltiU7OddeqCg/m=el_main:173:27)
    at lq (https://translate.googleapis.com/_/translate_http/_/js/k=translate_http.tr.id.dYg8Kd2Ys0c.O/am=BECAAQ/d=1/ed=1/rs=AN8SPfrfpV1fVD671RMt7gltiU7OddeqCg/m=el_main:332:552)
    at <anonymous> (https://translate.googleapis.com/_/translate_http/_/js/k=translate_http.tr.id.dYg8Kd2Ys0c.O/am=BECAAQ/d=1/ed=1/rs=AN8SPfrfpV1fVD671RMt7gltiU7OddeqCg/m=el_main:561:184)
    at <anonymous> (https://translate.googleapis.com/_/translate_http/_/js/k=translate_http.tr.id.dYg8Kd2Ys0c.O/am=BECAAQ/d=1/ed=1/rs=AN8SPfrfpV1fVD671RMt7gltiU7OddeqCg/m=el_main:566:3)
[   10312ms] Uncaught RangeError: Maximum call stack size exceeded
    at _.Ri (https://translate.googleapis.com/_/translate_http/_/js/k=translate_http.tr.id.dYg8Kd2Ys0c.O/am=BECAAQ/d=1/ed=1/rs=AN8SPfrfpV1fVD671RMt7gltiU7OddeqCg/m=el_main:193:418)
    at _.L (https://translate.googleapis.com/_/translate_http/_/js/k=translate_http.tr.id.dYg8Kd2Ys0c.O/am=BECAAQ/d=1/ed=1/rs=AN8SPfrfpV1fVD671RMt7gltiU7OddeqCg/m=el_main:0:0)
    at Fk (https://translate.googleapis.com/_/translate_http/_/js/k=translate_http.tr.id.dYg8Kd2Ys0c.O/am=BECAAQ/d=1/ed=1/rs=AN8SPfrfpV1fVD671RMt7gltiU7OddeqCg/m=el_main:0:0)
    at Hk (https://translate.googleapis.com/_/translate_http/_/js/k=translate_http.tr.id.dYg8Kd2Ys0c.O/am=BECAAQ/d=1/ed=1/rs=AN8SPfrfpV1fVD671RMt7gltiU7OddeqCg/m=el_main:0:0)
    at Fk (https://translate.googleapis.com/_/translate_http/_/js/k=translate_http.tr.id.dYg8Kd2Ys0c.O/am=BECAAQ/d=1/ed=1/rs=AN8SPfrfpV1fVD671RMt7gltiU7OddeqCg/m=el_main:0:0)
    at Hk (https://translate.googleapis.com/_/translate_http/_/js/k=translate_http.tr.id.dYg8Kd2Ys0c.O/am=BECAAQ/d=1/ed=1/rs=AN8SPfrfpV1fVD671RMt7gltiU7OddeqCg/m=el_main:0:0)
    at Fk (https://translate.googleapis.com/_/translate_http/_/js/k=translate_http.tr.id.dYg8Kd2Ys0c.O/am=BECAAQ/d=1/ed=1/rs=AN8SPfrfpV1fVD671RMt7gltiU7OddeqCg/m=el_main:0:0)
    at Hk (https://translate.googleapis.com/_/translate_http/_/js/k=translate_http.tr.id.dYg8Kd2Ys0c.O/am=BECAAQ/d=1/ed=1/rs=AN8SPfrfpV1fVD671RMt7gltiU7OddeqCg/m=el_main:0:0)
    at Fk (https://translate.googleapis.com/_/translate_http/_/js/k=translate_http.tr.id.dYg8Kd2Ys0c.O/am=BECAAQ/d=1/ed=1/rs=AN8SPfrfpV1fVD671RMt7gltiU7OddeqCg/m=el_main:0:0)
    at Hk (https://translate.googleapis.com/_/translate_http/_/js/k=translate_http.tr.id.dYg8Kd2Ys0c.O/am=BECAAQ/d=1/ed=1/rs=AN8SPfrfpV1fVD671RMt7gltiU7OddeqCg/m=el_main:0:0)
    at Fk (https://translate.googleapis.com/_/translate_http/_/js/k=translate_http.tr.id.dYg8Kd2Ys0c.O/am=BECAAQ/d=1/ed=1/rs=AN8SPfrfpV1fVD671RMt7gltiU7OddeqCg/m=el_main:0:0)
    at Hk (https://translate.googleapis.com/_/translate_http/_/js/k=translate_http.tr.id.dYg8Kd2Ys0c.O/am=BECAAQ/d=1/ed=1/rs=AN8SPfrfpV1fVD671RMt7gltiU7OddeqCg/m=el_main:0:0)
    at Fk (https://translate.googleapis.com/_/translate_http/_/js/k=translate_http.tr.id.dYg8Kd2Ys0c.O/am=BECAAQ/d=1/ed=1/rs=AN8SPfrfpV1fVD671RMt7gltiU7OddeqCg/m=el_main:0:0)
    at Hk (https://translate.googleapis.com/_/translate_http/_/js/k=translate_http.tr.id.dYg8Kd2Ys0c.O/am=BECAAQ/d=1/ed=1/rs=AN8SPfrfpV1fVD671RMt7gltiU7OddeqCg/m=el_main:0:0)
    at Fk (https://translate.googleapis.com/_/translate_http/_/js/k=translate_http.tr.id.dYg8Kd2Ys0c.O/am=BECAAQ/d=1/ed=1/rs=AN8SPfrfpV1fVD671RMt7gltiU7OddeqCg/m=el_main:0:0)
    at Hk (https://translate.googleapis.com/_/translate_http/_/js/k=translate_http.tr.id.dYg8Kd2Ys0c.O/am=BECAAQ/d=1/ed=1/rs=AN8SPfrfpV1fVD671RMt7gltiU7OddeqCg/m=el_main:0:0)
    at Fk (https://translate.googleapis.com/_/translate_http/_/js/k=translate_http.tr.id.dYg8Kd2Ys0c.O/am=BECAAQ/d=1/ed=1/rs=AN8SPfrfpV1fVD671RMt7gltiU7OddeqCg/m=el_main:0:0)
    at Hk (https://translate.googleapis.com/_/translate_http/_/js/k=translate_http.tr.id.dYg8Kd2Ys0c.O/am=BECAAQ/d=1/ed=1/rs=AN8SPfrfpV1fVD671RMt7gltiU7OddeqCg/m=el_main:0:0)
    at Fk (https://translate.googleapis.com/_/translate_http/_/js/k=translate_http.tr.id.dYg8Kd2Ys0c.O/am=BECAAQ/d=1/ed=1/rs=AN8SPfrfpV1fVD671RMt7gltiU7OddeqCg/m=el_main:0:0)
    at Hk (https://translate.googleapis.com/_/translate_http/_/js/k=translate_http.tr.id.dYg8Kd2Ys0c.O/am=BECAAQ/d=1/ed=1/rs=AN8SPfrfpV1fVD671RMt7gltiU7OddeqCg/m=el_main:0:0)
    at Fk (https://translate.googleapis.com/_/translate_http/_/js/k=translate_http.tr.id.dYg8Kd2Ys0c.O/am=BECAAQ/d=1/ed=1/rs=AN8SPfrfpV1fVD671RMt7gltiU7OddeqCg/m=el_main:0:0)
    at Hk (https://translate.googleapis.com/_/translate_http/_/js/k=translate_http.tr.id.dYg8Kd2Ys0c.O/am=BECAAQ/d=1/ed=1/rs=AN8SPfrfpV1fVD671RMt7gltiU7OddeqCg/m=el_main:0:0)
    at Fk (https://translate.googleapis.com/_/translate_http/_/js/k=translate_http.tr.id.dYg8Kd2Ys0c.O/am=BECAAQ/d=1/ed=1/rs=AN8SPfrfpV1fVD671RMt7gltiU7OddeqCg/m=el_main:0:0)
    at Hk (https://translate.googleapis.com/_/translate_http/_/js/k=translate_http.tr.id.dYg8Kd2Ys0c.O/am=BECAAQ/d=1/ed=1/rs=AN8SPfrfpV1fVD671RMt7gltiU7OddeqCg/m=el_main:0:0)
    at Fk (https://translate.googleapis.com/_/translate_http/_/js/k=translate_http.tr.id.dYg8Kd2Ys0c.O/am=BECAAQ/d=1/ed=1/rs=AN8SPfrfpV1fVD671RMt7gltiU7OddeqCg/m=el_main:0:0)
    at Hk (https://translate.googleapis.com/_/translate_http/_/js/k=translate_http.tr.id.dYg8Kd2Ys0c.O/am=BECAAQ/d=1/ed=1/rs=AN8SPfrfpV1fVD671RMt7gltiU7OddeqCg/m=el_main:0:0)
    at Fk (https://translate.googleapis.com/_/translate_http/_/js/k=translate_http.tr.id.dYg8Kd2Ys0c.O/am=BECAAQ/d=1/ed=1/rs=AN8SPfrfpV1fVD671RMt7gltiU7OddeqCg/m=el_main:0:0)
    at Hk (https://translate.googleapis.com/_/translate_http/_/js/k=translate_http.tr.id.dYg8Kd2Ys0c.O/am=BECAAQ/d=1/ed=1/rs=AN8SPfrfpV1fVD671RMt7gltiU7OddeqCg/m=el_main:0:0)
    at Fk (https://translate.googleapis.com/_/translate_http/_/js/k=translate_http.tr.id.dYg8Kd2Ys0c.O/am=BECAAQ/d=1/ed=1/rs=AN8SPfrfpV1fVD671RMt7gltiU7OddeqCg/m=el_main:0:0)
    at Hk (https://translate.googleapis.com/_/translate_http/_/js/k=translate_http.tr.id.dYg8Kd2Ys0c.O/am=BECAAQ/d=1/ed=1/rs=AN8SPfrfpV1fVD671RMt7gltiU7OddeqCg/m=el_main:0:0)
    at Fk (https://translate.googleapis.com/_/translate_http/_/js/k=translate_http.tr.id.dYg8Kd2Ys0c.O/am=BECAAQ/d=1/ed=1/rs=AN8SPfrfpV1fVD671RMt7gltiU7OddeqCg/m=el_main:0:0)
    at Hk (https://translate.googleapis.com/_/translate_http/_/js/k=translate_http.tr.id.dYg8Kd2Ys0c.O/am=BECAAQ/d=1/ed=1/rs=AN8SPfrfpV1fVD671RMt7gltiU7OddeqCg/m=el_main:0:0)
    at Fk (https://translate.googleapis.com/_/translate_http/_/js/k=translate_http.tr.id.dYg8Kd2Ys0c.O/am=BECAAQ/d=1/ed=1/rs=AN8SPfrfpV1fVD671RMt7gltiU7OddeqCg/m=el_main:0:0)
    at Hk (https://translate.googleapis.com/_/translate_http/_/js/k=translate_http.tr.id.dYg8Kd2Ys0c.O/am=BECAAQ/d=1/ed=1/rs=AN8SPfrfpV1fVD671RMt7gltiU7OddeqCg/m=el_main:0:0)
    at Fk (https://translate.googleapis.com/_/translate_http/_/js/k=translate_http.tr.id.dYg8Kd2Ys0c.O/am=BECAAQ/d=1/ed=1/rs=AN8SPfrfpV1fVD671RMt7gltiU7OddeqCg/m=el_main:0:0)
    at Hk (https://translate.googleapis.com/_/translate_http/_/js/k=translate_http.tr.id.dYg8Kd2Ys0c.O/am=BECAAQ/d=1/ed=1/rs=AN8SPfrfpV1fVD671RMt7gltiU7OddeqCg/m=el_main:0:0)
    at Fk (https://translate.googleapis.com/_/translate_http/_/js/k=translate_http.tr.id.dYg8Kd2Ys0c.O/am=BECAAQ/d=1/ed=1/rs=AN8SPfrfpV1fVD671RMt7gltiU7OddeqCg/m=el_main:0:0)
    at Hk (https://translate.googleapis.com/_/translate_http/_/js/k=translate_http.tr.id.dYg8Kd2Ys0c.O/am=BECAAQ/d=1/ed=1/rs=AN8SPfrfpV1fVD671RMt7gltiU7OddeqCg/m=el_main:0:0)
    at Fk (https://translate.googleapis.com/_/translate_http/_/js/k=translate_http.tr.id.dYg8Kd2Ys0c.O/am=BECAAQ/d=1/ed=1/rs=AN8SPfrfpV1fVD671RMt7gltiU7OddeqCg/m=el_main:0:0)
    at Hk (https://translate.googleapis.com/_/translate_http/_/js/k=translate_http.tr.id.dYg8Kd2Ys0c.O/am=BECAAQ/d=1/ed=1/rs=AN8SPfrfpV1fVD671RMt7gltiU7OddeqCg/m=el_main:0:0)
    at Fk (https://translate.googleapis.com/_/translate_http/_/js/k=translate_http.tr.id.dYg8Kd2Ys0c.O/am=BECAAQ/d=1/ed=1/rs=AN8SPfrfpV1fVD671RMt7gltiU7OddeqCg/m=el_main:0:0)
    at Hk (https://translate.googleapis.com/_/translate_http/_/js/k=translate_http.tr.id.dYg8Kd2Ys0c.O/am=BECAAQ/d=1/ed=1/rs=AN8SPfrfpV1fVD671RMt7gltiU7OddeqCg/m=el_main:0:0)
    at Fk (https://translate.googleapis.com/_/translate_http/_/js/k=translate_http.tr.id.dYg8Kd2Ys0c.O/am=BECAAQ/d=1/ed=1/rs=AN8SPfrfpV1fVD671RMt7gltiU7OddeqCg/m=el_main:0:0)
    at Hk (https://translate.googleapis.com/_/translate_http/_/js/k=translate_http.tr.id.dYg8Kd2Ys0c.O/am=BECAAQ/d=1/ed=1/rs=AN8SPfrfpV1fVD671RMt7gltiU7OddeqCg/m=el_main:0:0)
    at Fk (https://translate.googleapis.com/_/translate_http/_/js/k=translate_http.tr.id.dYg8Kd2Ys0c.O/am=BECAAQ/d=1/ed=1/rs=AN8SPfrfpV1fVD671RMt7gltiU7OddeqCg/m=el_main:0:0)
    at Hk (https://translate.googleapis.com/_/translate_http/_/js/k=translate_http.tr.id.dYg8Kd2Ys0c.O/am=BECAAQ/d=1/ed=1/rs=AN8SPfrfpV1fVD671RMt7gltiU7OddeqCg/m=el_main:0:0)
    at Fk (https://translate.googleapis.com/_/translate_http/_/js/k=translate_http.tr.id.dYg8Kd2Ys0c.O/am=BECAAQ/d=1/ed=1/rs=AN8SPfrfpV1fVD671RMt7gltiU7OddeqCg/m=el_main:0:0)
    at Hk (https://translate.googleapis.com/_/translate_http/_/js/k=translate_http.tr.id.dYg8Kd2Ys0c.O/am=BECAAQ/d=1/ed=1/rs=AN8SPfrfpV1fVD671RMt7gltiU7OddeqCg/m=el_main:0:0)
    at Fk (https://translate.googleapis.com/_/translate_http/_/js/k=translate_http.tr.id.dYg8Kd2Ys0c.O/am=BECAAQ/d=1/ed=1/rs=AN8SPfrfpV1fVD671RMt7gltiU7OddeqCg/m=el_main:0:0)
    at Hk (https://translate.googleapis.com/_/translate_http/_/js/k=translate_http.tr.id.dYg8Kd2Ys0c.O/am=BECAAQ/d=1/ed=1/rs=AN8SPfrfpV1fVD671RMt7gltiU7OddeqCg/m=el_main:0:0)
    at Fk (https://translate.googleapis.com/_/translate_http/_/js/k=translate_http.tr.id.dYg8Kd2Ys0c.O/am=BECAAQ/d=1/ed=1/rs=AN8SPfrfpV1fVD671RMt7gltiU7OddeqCg/m=el_main:0:0)
    at Hk (https://translate.googleapis.com/_/translate_http/_/js/k=translate_http.tr.id.dYg8Kd2Ys0c.O/am=BECAAQ/d=1/ed=1/rs=AN8SPfrfpV1fVD671RMt7gltiU7OddeqCg/m=el_main:0:0)
    at Fk (https://translate.googleapis.com/_/translate_http/_/js/k=translate_http.tr.id.dYg8Kd2Ys0c.O/am=BECAAQ/d=1/ed=1/rs=AN8SPfrfpV1fVD671RMt7gltiU7OddeqCg/m=el_main:0:0)
    at Hk (https://translate.googleapis.com/_/translate_http/_/js/k=translate_http.tr.id.dYg8Kd2Ys0c.O/am=BECAAQ/d=1/ed=1/rs=AN8SPfrfpV1fVD671RMt7gltiU7OddeqCg/m=el_main:0:0)
    at Fk (https://translate.googleapis.com/_/translate_http/_/js/k=translate_http.tr.id.dYg8Kd2Ys0c.O/am=BECAAQ/d=1/ed=1/rs=AN8SPfrfpV1fVD671RMt7gltiU7OddeqCg/m=el_main:0:0)
    at Hk (https://translate.googleapis.com/_/translate_http/_/js/k=translate_http.tr.id.dYg8Kd2Ys0c.O/am=BECAAQ/d=1/ed=1/rs=AN8SPfrfpV1fVD671RMt7gltiU7OddeqCg/m=el_main:0:0)
    at Fk (https://translate.googleapis.com/_/translate_http/_/js/k=translate_http.tr.id.dYg8Kd2Ys0c.O/am=BECAAQ/d=1/ed=1/rs=AN8SPfrfpV1fVD671RMt7gltiU7OddeqCg/m=el_main:0:0)
    at Hk (https://translate.googleapis.com/_/translate_http/_/js/k=translate_http.tr.id.dYg8Kd2Ys0c.O/am=BECAAQ/d=1/ed=1/rs=AN8SPfrfpV1fVD671RMt7gltiU7OddeqCg/m=el_main:0:0)
    at Fk (https://translate.googleapis.com/_/translate_http/_/js/k=translate_http.tr.id.dYg8Kd2Ys0c.O/am=BECAAQ/d=1/ed=1/rs=AN8SPfrfpV1fVD671RMt7gltiU7OddeqCg/m=el_main:0:0)
    at Hk (https://translate.googleapis.com/_/translate_http/_/js/k=translate_http.tr.id.dYg8Kd2Ys0c.O/am=BECAAQ/d=1/ed=1/rs=AN8SPfrfpV1fVD671RMt7gltiU7OddeqCg/m=el_main:0:0)
    at Fk (https://translate.googleapis.com/_/translate_http/_/js/k=translate_http.tr.id.dYg8Kd2Ys0c.O/am=BECAAQ/d=1/ed=1/rs=AN8SPfrfpV1fVD671RMt7gltiU7OddeqCg/m=el_main:0:0)
    at Hk (https://translate.googleapis.com/_/translate_http/_/js/k=translate_http.tr.id.dYg8Kd2Ys0c.O/am=BECAAQ/d=1/ed=1/rs=AN8SPfrfpV1fVD671RMt7gltiU7OddeqCg/m=el_main:0:0)
    at Fk (https://translate.googleapis.com/_/translate_http/_/js/k=translate_http.tr.id.dYg8Kd2Ys0c.O/am=BECAAQ/d=1/ed=1/rs=AN8SPfrfpV1fVD671RMt7gltiU7OddeqCg/m=el_main:0:0)
    at Hk (https://translate.googleapis.com/_/translate_http/_/js/k=translate_http.tr.id.dYg8Kd2Ys0c.O/am=BECAAQ/d=1/ed=1/rs=AN8SPfrfpV1fVD671RMt7gltiU7OddeqCg/m=el_main:0:0)
    at Fk (https://translate.googleapis.com/_/translate_http/_/js/k=translate_http.tr.id.dYg8Kd2Ys0c.O/am=BECAAQ/d=1/ed=1/rs=AN8SPfrfpV1fVD671RMt7gltiU7OddeqCg/m=el_main:0:0)
    at Hk (https://translate.googleapis.com/_/translate_http/_/js/k=translate_http.tr.id.dYg8Kd2Ys0c.O/am=BECAAQ/d=1/ed=1/rs=AN8SPfrfpV1fVD671RMt7gltiU7OddeqCg/m=el_main:0:0)
    at Fk (https://translate.googleapis.com/_/translate_http/_/js/k=translate_http.tr.id.dYg8Kd2Ys0c.O/am=BECAAQ/d=1/ed=1/rs=AN8SPfrfpV1fVD671RMt7gltiU7OddeqCg/m=el_main:0:0)
    at Hk (https://translate.googleapis.com/_/translate_http/_/js/k=translate_http.tr.id.dYg8Kd2Ys0c.O/am=BECAAQ/d=1/ed=1/rs=AN8SPfrfpV1fVD671RMt7gltiU7OddeqCg/m=el_main:0:0)
    at Fk (https://translate.googleapis.com/_/translate_http/_/js/k=translate_http.tr.id.dYg8Kd2Ys0c.O/am=BECAAQ/d=1/ed=1/rs=AN8SPfrfpV1fVD671RMt7gltiU7OddeqCg/m=el_main:0:0)
    at Hk (https://translate.googleapis.com/_/translate_http/_/js/k=translate_http.tr.id.dYg8Kd2Ys0c.O/am=BECAAQ/d=1/ed=1/rs=AN8SPfrfpV1fVD671RMt7gltiU7OddeqCg/m=el_main:0:0)
    at Fk (https://translate.googleapis.com/_/translate_http/_/js/k=translate_http.tr.id.dYg8Kd2Ys0c.O/am=BECAAQ/d=1/ed=1/rs=AN8SPfrfpV1fVD671RMt7gltiU7OddeqCg/m=el_main:0:0)
    at Hk (https://translate.googleapis.com/_/translate_http/_/js/k=translate_http.tr.id.dYg8Kd2Ys0c.O/am=BECAAQ/d=1/ed=1/rs=AN8SPfrfpV1fVD671RMt7gltiU7OddeqCg/m=el_main:0:0)
    at Fk (https://translate.googleapis.com/_/translate_http/_/js/k=translate_http.tr.id.dYg8Kd2Ys0c.O/am=BECAAQ/d=1/ed=1/rs=AN8SPfrfpV1fVD671RMt7gltiU7OddeqCg/m=el_main:0:0)
    at Hk (https://translate.googleapis.com/_/translate_http/_/js/k=translate_http.tr.id.dYg8Kd2Ys0c.O/am=BECAAQ/d=1/ed=1/rs=AN8SPfrfpV1fVD671RMt7gltiU7OddeqCg/m=el_main:0:0)
    at Fk (https://translate.googleapis.com/_/translate_http/_/js/k=translate_http.tr.id.dYg8Kd2Ys0c.O/am=BECAAQ/d=1/ed=1/rs=AN8SPfrfpV1fVD671RMt7gltiU7OddeqCg/m=el_main:0:0)
    at Hk (https://translate.googleapis.com/_/translate_http/_/js/k=translate_http.tr.id.dYg8Kd2Ys0c.O/am=BECAAQ/d=1/ed=1/rs=AN8SPfrfpV1fVD671RMt7gltiU7OddeqCg/m=el_main:0:0)
    at Fk (https://translate.googleapis.com/_/translate_http/_/js/k=translate_http.tr.id.dYg8Kd2Ys0c.O/am=BECAAQ/d=1/ed=1/rs=AN8SPfrfpV1fVD671RMt7gltiU7OddeqCg/m=el_main:0:0)
    at Hk (https://translate.googleapis.com/_/translate_http/_/js/k=translate_http.tr.id.dYg8Kd2Ys0c.O/am=BECAAQ/d=1/ed=1/rs=AN8SPfrfpV1fVD671RMt7gltiU7OddeqCg/m=el_main:0:0)
    at Fk (https://translate.googleapis.com/_/translate_http/_/js/k=translate_http.tr.id.dYg8Kd2Ys0c.O/am=BECAAQ/d=1/ed=1/rs=AN8SPfrfpV1fVD671RMt7gltiU7OddeqCg/m=el_main:0:0)
    at Hk (https://translate.googleapis.com/_/translate_http/_/js/k=translate_http.tr.id.dYg8Kd2Ys0c.O/am=BECAAQ/d=1/ed=1/rs=AN8SPfrfpV1fVD671RMt7gltiU7OddeqCg/m=el_main:0:0)
    at Fk (https://translate.googleapis.com/_/translate_http/_/js/k=translate_http.tr.id.dYg8Kd2Ys0c.O/am=BECAAQ/d=1/ed=1/rs=AN8SPfrfpV1fVD671RMt7gltiU7OddeqCg/m=el_main:0:0)
    at Hk (https://translate.googleapis.com/_/translate_http/_/js/k=translate_http.tr.id.dYg8Kd2Ys0c.O/am=BECAAQ/d=1/ed=1/rs=AN8SPfrfpV1fVD671RMt7gltiU7OddeqCg/m=el_main:0:0)
    at Fk (https://translate.googleapis.com/_/translate_http/_/js/k=translate_http.tr.id.dYg8Kd2Ys0c.O/am=BECAAQ/d=1/ed=1/rs=AN8SPfrfpV1fVD671RMt7gltiU7OddeqCg/m=el_main:0:0)
    at Hk (https://translate.googleapis.com/_/translate_http/_/js/k=translate_http.tr.id.dYg8Kd2Ys0c.O/am=BECAAQ/d=1/ed=1/rs=AN8SPfrfpV1fVD671RMt7gltiU7OddeqCg/m=el_main:0:0)
    at Fk (https://translate.googleapis.com/_/translate_http/_/js/k=translate_http.tr.id.dYg8Kd2Ys0c.O/am=BECAAQ/d=1/ed=1/rs=AN8SPfrfpV1fVD671RMt7gltiU7OddeqCg/m=el_main:0:0)
    at Hk (https://translate.googleapis.com/_/translate_http/_/js/k=translate_http.tr.id.dYg8Kd2Ys0c.O/am=BECAAQ/d=1/ed=1/rs=AN8SPfrfpV1fVD671RMt7gltiU7OddeqCg/m=el_main:0:0)
    at Fk (https://translate.googleapis.com/_/translate_http/_/js/k=translate_http.tr.id.dYg8Kd2Ys0c.O/am=BECAAQ/d=1/ed=1/rs=AN8SPfrfpV1fVD671RMt7gltiU7OddeqCg/m=el_main:0:0)
    at Hk (https://translate.googleapis.com/_/translate_http/_/js/k=translate_http.tr.id.dYg8Kd2Ys0c.O/am=BECAAQ/d=1/ed=1/rs=AN8SPfrfpV1fVD671RMt7gltiU7OddeqCg/m=el_main:0:0)
    at Fk (https://translate.googleapis.com/_/translate_http/_/js/k=translate_http.tr.id.dYg8Kd2Ys0c.O/am=BECAAQ/d=1/ed=1/rs=AN8SPfrfpV1fVD671RMt7gltiU7OddeqCg/m=el_main:0:0)
    at Hk (https://translate.googleapis.com/_/translate_http/_/js/k=translate_http.tr.id.dYg8Kd2Ys0c.O/am=BECAAQ/d=1/ed=1/rs=AN8SPfrfpV1fVD671RMt7gltiU7OddeqCg/m=el_main:0:0)
    at Fk (https://translate.googleapis.com/_/translate_http/_/js/k=translate_http.tr.id.dYg8Kd2Ys0c.O/am=BECAAQ/d=1/ed=1/rs=AN8SPfrfpV1fVD671RMt7gltiU7OddeqCg/m=el_main:0:0)
    at Hk (https://translate.googleapis.com/_/translate_http/_/js/k=translate_http.tr.id.dYg8Kd2Ys0c.O/am=BECAAQ/d=1/ed=1/rs=AN8SPfrfpV1fVD671RMt7gltiU7OddeqCg/m=el_main:0:0)
    at Fk (https://translate.googleapis.com/_/translate_http/_/js/k=translate_http.tr.id.dYg8Kd2Ys0c.O/am=BECAAQ/d=1/ed=1/rs=AN8SPfrfpV1fVD671RMt7gltiU7OddeqCg/m=el_main:0:0)
    at Hk (https://translate.googleapis.com/_/translate_http/_/js/k=translate_http.tr.id.dYg8Kd2Ys0c.O/am=BECAAQ/d=1/ed=1/rs=AN8SPfrfpV1fVD671RMt7gltiU7OddeqCg/m=el_main:0:0)
    at Fk (https://translate.googleapis.com/_/translate_http/_/js/k=translate_http.tr.id.dYg8Kd2Ys0c.O/am=BECAAQ/d=1/ed=1/rs=AN8SPfrfpV1fVD671RMt7gltiU7OddeqCg/m=el_main:0:0)
    at Hk (https://translate.googleapis.com/_/translate_http/_/js/k=translate_http.tr.id.dYg8Kd2Ys0c.O/am=BECAAQ/d=1/ed=1/rs=AN8SPfrfpV1fVD671RMt7gltiU7OddeqCg/m=el_main:0:0)
    at Fk (https://translate.googleapis.com/_/translate_http/_/js/k=translate_http.tr.id.dYg8Kd2Ys0c.O/am=BECAAQ/d=1/ed=1/rs=AN8SPfrfpV1fVD671RMt7gltiU7OddeqCg/m=el_main:0:0)
    at Hk (https://translate.googleapis.com/_/translate_http/_/js/k=translate_http.tr.id.dYg8Kd2Ys0c.O/am=BECAAQ/d=1/ed=1/rs=AN8SPfrfpV1fVD671RMt7gltiU7OddeqCg/m=el_main:0:0)
    at Fk (https://translate.googleapis.com/_/translate_http/_/js/k=translate_http.tr.id.dYg8Kd2Ys0c.O/am=BECAAQ/d=1/ed=1/rs=AN8SPfrfpV1fVD671RMt7gltiU7OddeqCg/m=el_main:0:0)
    at Hk (https://translate.googleapis.com/_/translate_http/_/js/k=translate_http.tr.id.dYg8Kd2Ys0c.O/am=BECAAQ/d=1/ed=1/rs=AN8SPfrfpV1fVD671RMt7gltiU7OddeqCg/m=el_main:0:0)
    at Fk (https://translate.googleapis.com/_/translate_http/_/js/k=translate_http.tr.id.dYg8Kd2Ys0c.O/am=BECAAQ/d=1/ed=1/rs=AN8SPfrfpV1fVD671RMt7gltiU7OddeqCg/m=el_main:0:0)
    at Hk (https://translate.googleapis.com/_/translate_http/_/js/k=translate_http.tr.id.dYg8Kd2Ys0c.O/am=BECAAQ/d=1/ed=1/rs=AN8SPfrfpV1fVD671RMt7gltiU7OddeqCg/m=el_main:0:0)
    at Fk (https://translate.googleapis.com/_/translate_http/_/js/k=translate_http.tr.id.dYg8Kd2Ys0c.O/am=BECAAQ/d=1/ed=1/rs=AN8SPfrfpV1fVD671RMt7gltiU7OddeqCg/m=el_main:0:0)
    at Hk (https://translate.googleapis.com/_/translate_http/_/js/k=translate_http.tr.id.dYg8Kd2Ys0c.O/am=BECAAQ/d=1/ed=1/rs=AN8SPfrfpV1fVD671RMt7gltiU7OddeqCg/m=el_main:0:0)
    at Fk (https://translate.googleapis.com/_/translate_http/_/js/k=translate_http.tr.id.dYg8Kd2Ys0c.O/am=BECAAQ/d=1/ed=1/rs=AN8SPfrfpV1fVD671RMt7gltiU7OddeqCg/m=el_main:0:0)
    at Hk (https://translate.googleapis.com/_/translate_http/_/js/k=translate_http.tr.id.dYg8Kd2Ys0c.O/am=BECAAQ/d=1/ed=1/rs=AN8SPfrfpV1fVD671RMt7gltiU7OddeqCg/m=el_main:0:0)
    at Fk (https://translate.googleapis.com/_/translate_http/_/js/k=translate_http.tr.id.dYg8Kd2Ys0c.O/am=BECAAQ/d=1/ed=1/rs=AN8SPfrfpV1fVD671RMt7gltiU7OddeqCg/m=el_main:0:0)
    at Hk (https://translate.googleapis.com/_/translate_http/_/js/k=translate_http.tr.id.dYg8Kd2Ys0c.O/am=BECAAQ/d=1/ed=1/rs=AN8SPfrfpV1fVD671RMt7gltiU7OddeqCg/m=el_main:0:0)
    at Fk (https://translate.googleapis.com/_/translate_http/_/js/k=translate_http.tr.id.dYg8Kd2Ys0c.O/am=BECAAQ/d=1/ed=1/rs=AN8SPfrfpV1fVD671RMt7gltiU7OddeqCg/m=el_main:0:0)
    at Hk (https://translate.googleapis.com/_/translate_http/_/js/k=translate_http.tr.id.dYg8Kd2Ys0c.O/am=BECAAQ/d=1/ed=1/rs=AN8SPfrfpV1fVD671RMt7gltiU7OddeqCg/m=el_main:0:0)
    at Fk (https://translate.googleapis.com/_/translate_http/_/js/k=translate_http.tr.id.dYg8Kd2Ys0c.O/am=BECAAQ/d=1/ed=1/rs=AN8SPfrfpV1fVD671RMt7gltiU7OddeqCg/m=el_main:0:0)
    at Hk (https://translate.googleapis.com/_/translate_http/_/js/k=translate_http.tr.id.dYg8Kd2Ys0c.O/am=BECAAQ/d=1/ed=1/rs=AN8SPfrfpV1fVD671RMt7gltiU7OddeqCg/m=el_main:0:0)
    at Fk (https://translate.googleapis.com/_/translate_http/_/js/k=translate_http.tr.id.dYg8Kd2Ys0c.O/am=BECAAQ/d=1/ed=1/rs=AN8SPfrfpV1fVD671RMt7gltiU7OddeqCg/m=el_main:0:0)
    at Hk (https://translate.googleapis.com/_/translate_http/_/js/k=translate_http.tr.id.dYg8Kd2Ys0c.O/am=BECAAQ/d=1/ed=1/rs=AN8SPfrfpV1fVD671RMt7gltiU7OddeqCg/m=el_main:0:0)
    at Fk (https://translate.googleapis.com/_/translate_http/_/js/k=translate_http.tr.id.dYg8Kd2Ys0c.O/am=BECAAQ/d=1/ed=1/rs=AN8SPfrfpV1fVD671RMt7gltiU7OddeqCg/m=el_main:0:0)
    at Hk (https://translate.googleapis.com/_/translate_http/_/js/k=translate_http.tr.id.dYg8Kd2Ys0c.O/am=BECAAQ/d=1/ed=1/rs=AN8SPfrfpV1fVD671RMt7gltiU7OddeqCg/m=el_main:0:0)
    at Fk (https://translate.googleapis.com/_/translate_http/_/js/k=translate_http.tr.id.dYg8Kd2Ys0c.O/am=BECAAQ/d=1/ed=1/rs=AN8SPfrfpV1fVD671RMt7gltiU7OddeqCg/m=el_main:0:0)
    at Hk (https://translate.googleapis.com/_/translate_http/_/js/k=translate_http.tr.id.dYg8Kd2Ys0c.O/am=BECAAQ/d=1/ed=1/rs=AN8SPfrfpV1fVD671RMt7gltiU7OddeqCg/m=el_main:0:0)
    at Fk (https://translate.googleapis.com/_/translate_http/_/js/k=translate_http.tr.id.dYg8Kd2Ys0c.O/am=BECAAQ/d=1/ed=1/rs=AN8SPfrfpV1fVD671RMt7gltiU7OddeqCg/m=el_main:0:0)
    at Hk (https://translate.googleapis.com/_/translate_http/_/js/k=translate_http.tr.id.dYg8Kd2Ys0c.O/am=BECAAQ/d=1/ed=1/rs=AN8SPfrfpV1fVD671RMt7gltiU7OddeqCg/m=el_main:0:0)
    at Fk (https://translate.googleapis.com/_/translate_http/_/js/k=translate_http.tr.id.dYg8Kd2Ys0c.O/am=BECAAQ/d=1/ed=1/rs=AN8SPfrfpV1fVD671RMt7gltiU7OddeqCg/m=el_main:0:0)
    at Hk (https://translate.googleapis.com/_/translate_http/_/js/k=translate_http.tr.id.dYg8Kd2Ys0c.O/am=BECAAQ/d=1/ed=1/rs=AN8SPfrfpV1fVD671RMt7gltiU7OddeqCg/m=el_main:0:0)
    at Fk (https://translate.googleapis.com/_/translate_http/_/js/k=translate_http.tr.id.dYg8Kd2Ys0c.O/am=BECAAQ/d=1/ed=1/rs=AN8SPfrfpV1fVD671RMt7gltiU7OddeqCg/m=el_main:0:0)
    at Hk (https://translate.googleapis.com/_/translate_http/_/js/k=translate_http.tr.id.dYg8Kd2Ys0c.O/am=BECAAQ/d=1/ed=1/rs=AN8SPfrfpV1fVD671RMt7gltiU7OddeqCg/m=el_main:0:0)
    at Fk (https://translate.googleapis.com/_/translate_http/_/js/k=translate_http.tr.id.dYg8Kd2Ys0c.O/am=BECAAQ/d=1/ed=1/rs=AN8SPfrfpV1fVD671RMt7gltiU7OddeqCg/m=el_main:0:0)
    at Hk (https://translate.googleapis.com/_/translate_http/_/js/k=translate_http.tr.id.dYg8Kd2Ys0c.O/am=BECAAQ/d=1/ed=1/rs=AN8SPfrfpV1fVD671RMt7gltiU7OddeqCg/m=el_main:0:0)
    at Fk (https://translate.googleapis.com/_/translate_http/_/js/k=translate_http.tr.id.dYg8Kd2Ys0c.O/am=BECAAQ/d=1/ed=1/rs=AN8SPfrfpV1fVD671RMt7gltiU7OddeqCg/m=el_main:0:0)
    at Hk (https://translate.googleapis.com/_/translate_http/_/js/k=translate_http.tr.id.dYg8Kd2Ys0c.O/am=BECAAQ/d=1/ed=1/rs=AN8SPfrfpV1fVD671RMt7gltiU7OddeqCg/m=el_main:0:0)
    at Fk (https://translate.googleapis.com/_/translate_http/_/js/k=translate_http.tr.id.dYg8Kd2Ys0c.O/am=BECAAQ/d=1/ed=1/rs=AN8SPfrfpV1fVD671RMt7gltiU7OddeqCg/m=el_main:0:0)
    at Hk (https://translate.googleapis.com/_/translate_http/_/js/k=translate_http.tr.id.dYg8Kd2Ys0c.O/am=BECAAQ/d=1/ed=1/rs=AN8SPfrfpV1fVD671RMt7gltiU7OddeqCg/m=el_main:0:0)
    at Fk (https://translate.googleapis.com/_/translate_http/_/js/k=translate_http.tr.id.dYg8Kd2Ys0c.O/am=BECAAQ/d=1/ed=1/rs=AN8SPfrfpV1fVD671RMt7gltiU7OddeqCg/m=el_main:0:0)
    at Hk (https://translate.googleapis.com/_/translate_http/_/js/k=translate_http.tr.id.dYg8Kd2Ys0c.O/am=BECAAQ/d=1/ed=1/rs=AN8SPfrfpV1fVD671RMt7gltiU7OddeqCg/m=el_main:0:0)
    at Fk (https://translate.googleapis.com/_/translate_http/_/js/k=translate_http.tr.id.dYg8Kd2Ys0c.O/am=BECAAQ/d=1/ed=1/rs=AN8SPfrfpV1fVD671RMt7gltiU7OddeqCg/m=el_main:0:0)
    at Hk (https://translate.googleapis.com/_/translate_http/_/js/k=translate_http.tr.id.dYg8Kd2Ys0c.O/am=BECAAQ/d=1/ed=1/rs=AN8SPfrfpV1fVD671RMt7gltiU7OddeqCg/m=el_main:0:0)
    at Fk (https://translate.googleapis.com/_/translate_http/_/js/k=translate_http.tr.id.dYg8Kd2Ys0c.O/am=BECAAQ/d=1/ed=1/rs=AN8SPfrfpV1fVD671RMt7gltiU7OddeqCg/m=el_main:0:0)
    at Hk (https://translate.googleapis.com/_/translate_http/_/js/k=translate_http.tr.id.dYg8Kd2Ys0c.O/am=BECAAQ/d=1/ed=1/rs=AN8SPfrfpV1fVD671RMt7gltiU7OddeqCg/m=el_main:0:0)
    at Fk (https://translate.googleapis.com/_/translate_http/_/js/k=translate_http.tr.id.dYg8Kd2Ys0c.O/am=BECAAQ/d=1/ed=1/rs=AN8SPfrfpV1fVD671RMt7gltiU7OddeqCg/m=el_main:0:0)
    at Hk (https://translate.googleapis.com/_/translate_http/_/js/k=translate_http.tr.id.dYg8Kd2Ys0c.O/am=BECAAQ/d=1/ed=1/rs=AN8SPfrfpV1fVD671RMt7gltiU7OddeqCg/m=el_main:0:0)
    at Fk (https://translate.googleapis.com/_/translate_http/_/js/k=translate_http.tr.id.dYg8Kd2Ys0c.O/am=BECAAQ/d=1/ed=1/rs=AN8SPfrfpV1fVD671RMt7gltiU7OddeqCg/m=el_main:0:0)
    at Hk (https://translate.googleapis.com/_/translate_http/_/js/k=translate_http.tr.id.dYg8Kd2Ys0c.O/am=BECAAQ/d=1/ed=1/rs=AN8SPfrfpV1fVD671RMt7gltiU7OddeqCg/m=el_main:0:0)
    at Fk (https://translate.googleapis.com/_/translate_http/_/js/k=translate_http.tr.id.dYg8Kd2Ys0c.O/am=BECAAQ/d=1/ed=1/rs=AN8SPfrfpV1fVD671RMt7gltiU7OddeqCg/m=el_main:0:0)
    at Hk (https://translate.googleapis.com/_/translate_http/_/js/k=translate_http.tr.id.dYg8Kd2Ys0c.O/am=BECAAQ/d=1/ed=1/rs=AN8SPfrfpV1fVD671RMt7gltiU7OddeqCg/m=el_main:0:0)
    at Fk (https://translate.googleapis.com/_/translate_http/_/js/k=translate_http.tr.id.dYg8Kd2Ys0c.O/am=BECAAQ/d=1/ed=1/rs=AN8SPfrfpV1fVD671RMt7gltiU7OddeqCg/m=el_main:0:0)
    at Hk (https://translate.googleapis.com/_/translate_http/_/js/k=translate_http.tr.id.dYg8Kd2Ys0c.O/am=BECAAQ/d=1/ed=1/rs=AN8SPfrfpV1fVD671RMt7gltiU7OddeqCg/m=el_main:0:0)
    at Fk (https://translate.googleapis.com/_/translate_http/_/js/k=translate_http.tr.id.dYg8Kd2Ys0c.O/am=BECAAQ/d=1/ed=1/rs=AN8SPfrfpV1fVD671RMt7gltiU7OddeqCg/m=el_main:0:0)
    at Hk (https://translate.googleapis.com/_/translate_http/_/js/k=translate_http.tr.id.dYg8Kd2Ys0c.O/am=BECAAQ/d=1/ed=1/rs=AN8SPfrfpV1fVD671RMt7gltiU7OddeqCg/m=el_main:0:0)
    at Fk (https://translate.googleapis.com/_/translate_http/_/js/k=translate_http.tr.id.dYg8Kd2Ys0c.O/am=BECAAQ/d=1/ed=1/rs=AN8SPfrfpV1fVD671RMt7gltiU7OddeqCg/m=el_main:0:0)
    at Hk (https://translate.googleapis.com/_/translate_http/_/js/k=translate_http.tr.id.dYg8Kd2Ys0c.O/am=BECAAQ/d=1/ed=1/rs=AN8SPfrfpV1fVD671RMt7gltiU7OddeqCg/m=el_main:0:0)
    at Fk (https://translate.googleapis.com/_/translate_http/_/js/k=translate_http.tr.id.dYg8Kd2Ys0c.O/am=BECAAQ/d=1/ed=1/rs=AN8SPfrfpV1fVD671RMt7gltiU7OddeqCg/m=el_main:0:0)
    at Hk (https://translate.googleapis.com/_/translate_http/_/js/k=translate_http.tr.id.dYg8Kd2Ys0c.O/am=BECAAQ/d=1/ed=1/rs=AN8SPfrfpV1fVD671RMt7gltiU7OddeqCg/m=el_main:0:0)
    at Fk (https://translate.googleapis.com/_/translate_http/_/js/k=translate_http.tr.id.dYg8Kd2Ys0c.O/am=BECAAQ/d=1/ed=1/rs=AN8SPfrfpV1fVD671RMt7gltiU7OddeqCg/m=el_main:0:0)
    at Hk (https://translate.googleapis.com/_/translate_http/_/js/k=translate_http.tr.id.dYg8Kd2Ys0c.O/am=BECAAQ/d=1/ed=1/rs=AN8SPfrfpV1fVD671RMt7gltiU7OddeqCg/m=el_main:0:0)
    at Fk (https://translate.googleapis.com/_/translate_http/_/js/k=translate_http.tr.id.dYg8Kd2Ys0c.O/am=BECAAQ/d=1/ed=1/rs=AN8SPfrfpV1fVD671RMt7gltiU7OddeqCg/m=el_main:0:0)
    at Hk (https://translate.googleapis.com/_/translate_http/_/js/k=translate_http.tr.id.dYg8Kd2Ys0c.O/am=BECAAQ/d=1/ed=1/rs=AN8SPfrfpV1fVD671RMt7gltiU7OddeqCg/m=el_main:0:0)
    at Fk (https://translate.googleapis.com/_/translate_http/_/js/k=translate_http.tr.id.dYg8Kd2Ys0c.O/am=BECAAQ/d=1/ed=1/rs=AN8SPfrfpV1fVD671RMt7gltiU7OddeqCg/m=el_main:0:0)
    at Hk (https://translate.googleapis.com/_/translate_http/_/js/k=translate_http.tr.id.dYg8Kd2Ys0c.O/am=BECAAQ/d=1/ed=1/rs=AN8SPfrfpV1fVD671RMt7gltiU7OddeqCg/m=el_main:0:0)
    at Fk (https://translate.googleapis.com/_/translate_http/_/js/k=translate_http.tr.id.dYg8Kd2Ys0c.O/am=BECAAQ/d=1/ed=1/rs=AN8SPfrfpV1fVD671RMt7gltiU7OddeqCg/m=el_main:0:0)
    at Hk (https://translate.googleapis.com/_/translate_http/_/js/k=translate_http.tr.id.dYg8Kd2Ys0c.O/am=BECAAQ/d=1/ed=1/rs=AN8SPfrfpV1fVD671RMt7gltiU7OddeqCg/m=el_main:0:0)
    at Fk (https://translate.googleapis.com/_/translate_http/_/js/k=translate_http.tr.id.dYg8Kd2Ys0c.O/am=BECAAQ/d=1/ed=1/rs=AN8SPfrfpV1fVD671RMt7gltiU7OddeqCg/m=el_main:0:0)
    at Hk (https://translate.googleapis.com/_/translate_http/_/js/k=translate_http.tr.id.dYg8Kd2Ys0c.O/am=BECAAQ/d=1/ed=1/rs=AN8SPfrfpV1fVD671RMt7gltiU7OddeqCg/m=el_main:0:0)
    at Fk (https://translate.googleapis.com/_/translate_http/_/js/k=translate_http.tr.id.dYg8Kd2Ys0c.O/am=BECAAQ/d=1/ed=1/rs=AN8SPfrfpV1fVD671RMt7gltiU7OddeqCg/m=el_main:0:0)
    at Hk (https://translate.googleapis.com/_/translate_http/_/js/k=translate_http.tr.id.dYg8Kd2Ys0c.O/am=BECAAQ/d=1/ed=1/rs=AN8SPfrfpV1fVD671RMt7gltiU7OddeqCg/m=el_main:0:0)
    at Fk (https://translate.googleapis.com/_/translate_http/_/js/k=translate_http.tr.id.dYg8Kd2Ys0c.O/am=BECAAQ/d=1/ed=1/rs=AN8SPfrfpV1fVD671RMt7gltiU7OddeqCg/m=el_main:0:0)
    at Hk (https://translate.googleapis.com/_/translate_http/_/js/k=translate_http.tr.id.dYg8Kd2Ys0c.O/am=BECAAQ/d=1/ed=1/rs=AN8SPfrfpV1fVD671RMt7gltiU7OddeqCg/m=el_main:0:0)
    at Fk (https://translate.googleapis.com/_/translate_http/_/js/k=translate_http.tr.id.dYg8Kd2Ys0c.O/am=BECAAQ/d=1/ed=1/rs=AN8SPfrfpV1fVD671RMt7gltiU7OddeqCg/m=el_main:0:0)
    at Hk (https://translate.googleapis.com/_/translate_http/_/js/k=translate_http.tr.id.dYg8Kd2Ys0c.O/am=BECAAQ/d=1/ed=1/rs=AN8SPfrfpV1fVD671RMt7gltiU7OddeqCg/m=el_main:0:0)
    at Fk (https://translate.googleapis.com/_/translate_http/_/js/k=translate_http.tr.id.dYg8Kd2Ys0c.O/am=BECAAQ/d=1/ed=1/rs=AN8SPfrfpV1fVD671RMt7gltiU7OddeqCg/m=el_main:0:0)
    at Hk (https://translate.googleapis.com/_/translate_http/_/js/k=translate_http.tr.id.dYg8Kd2Ys0c.O/am=BECAAQ/d=1/ed=1/rs=AN8SPfrfpV1fVD671RMt7gltiU7OddeqCg/m=el_main:0:0)
    at Fk (https://translate.googleapis.com/_/translate_http/_/js/k=translate_http.tr.id.dYg8Kd2Ys0c.O/am=BECAAQ/d=1/ed=1/rs=AN8SPfrfpV1fVD671RMt7gltiU7OddeqCg/m=el_main:0:0)
    at Hk (https://translate.googleapis.com/_/translate_http/_/js/k=translate_http.tr.id.dYg8Kd2Ys0c.O/am=BECAAQ/d=1/ed=1/rs=AN8SPfrfpV1fVD671RMt7gltiU7OddeqCg/m=el_main:0:0)
    at Fk (https://translate.googleapis.com/_/translate_http/_/js/k=translate_http.tr.id.dYg8Kd2Ys0c.O/am=BECAAQ/d=1/ed=1/rs=AN8SPfrfpV1fVD671RMt7gltiU7OddeqCg/m=el_main:0:0)
    at Hk (https://translate.googleapis.com/_/translate_http/_/js/k=translate_http.tr.id.dYg8Kd2Ys0c.O/am=BECAAQ/d=1/ed=1/rs=AN8SPfrfpV1fVD671RMt7gltiU7OddeqCg/m=el_main:0:0)
    at Fk (https://translate.googleapis.com/_/translate_http/_/js/k=translate_http.tr.id.dYg8Kd2Ys0c.O/am=BECAAQ/d=1/ed=1/rs=AN8SPfrfpV1fVD671RMt7gltiU7OddeqCg/m=el_main:0:0)
    at Hk (https://translate.googleapis.com/_/translate_http/_/js/k=translate_http.tr.id.dYg8Kd2Ys0c.O/am=BECAAQ/d=1/ed=1/rs=AN8SPfrfpV1fVD671RMt7gltiU7OddeqCg/m=el_main:0:0)
    at Fk (https://translate.googleapis.com/_/translate_http/_/js/k=translate_http.tr.id.dYg8Kd2Ys0c.O/am=BECAAQ/d=1/ed=1/rs=AN8SPfrfpV1fVD671RMt7gltiU7OddeqCg/m=el_main:0:0)
    at Hk (https://translate.googleapis.com/_/translate_http/_/js/k=translate_http.tr.id.dYg8Kd2Ys0c.O/am=BECAAQ/d=1/ed=1/rs=AN8SPfrfpV1fVD671RMt7gltiU7OddeqCg/m=el_main:0:0)
    at Fk (https://translate.googleapis.com/_/translate_http/_/js/k=translate_http.tr.id.dYg8Kd2Ys0c.O/am=BECAAQ/d=1/ed=1/rs=AN8SPfrfpV1fVD671RMt7gltiU7OddeqCg/m=el_main:0:0)
    at Hk (https://translate.googleapis.com/_/translate_http/_/js/k=translate_http.tr.id.dYg8Kd2Ys0c.O/am=BECAAQ/d=1/ed=1/rs=AN8SPfrfpV1fVD671RMt7gltiU7OddeqCg/m=el_main:0:0)
    at Fk (https://translate.googleapis.com/_/translate_http/_/js/k=translate_http.tr.id.dYg8Kd2Ys0c.O/am=BECAAQ/d=1/ed=1/rs=AN8SPfrfpV1fVD671RMt7gltiU7OddeqCg/m=el_main:0:0)
    at Hk (https://translate.googleapis.com/_/translate_http/_/js/k=translate_http.tr.id.dYg8Kd2Ys0c.O/am=BECAAQ/d=1/ed=1/rs=AN8SPfrfpV1fVD671RMt7gltiU7OddeqCg/m=el_main:0:0)
    at Fk (https://translate.googleapis.com/_/translate_http/_/js/k=translate_http.tr.id.dYg8Kd2Ys0c.O/am=BECAAQ/d=1/ed=1/rs=AN8SPfrfpV1fVD671RMt7gltiU7OddeqCg/m=el_main:0:0)
    at Hk (https://translate.googleapis.com/_/translate_http/_/js/k=translate_http.tr.id.dYg8Kd2Ys0c.O/am=BECAAQ/d=1/ed=1/rs=AN8SPfrfpV1fVD671RMt7gltiU7OddeqCg/m=el_main:0:0)
    at Fk (https://translate.googleapis.com/_/translate_http/_/js/k=translate_http.tr.id.dYg8Kd2Ys0c.O/am=BECAAQ/d=1/ed=1/rs=AN8SPfrfpV1fVD671RMt7gltiU7OddeqCg/m=el_main:0:0)
    at Hk (https://translate.googleapis.com/_/translate_http/_/js/k=translate_http.tr.id.dYg8Kd2Ys0c.O/am=BECAAQ/d=1/ed=1/rs=AN8SPfrfpV1fVD671RMt7gltiU7OddeqCg/m=el_main:0:0)
    at Fk (https://translate.googleapis.com/_/translate_http/_/js/k=translate_http.tr.id.dYg8Kd2Ys0c.O/am=BECAAQ/d=1/ed=1/rs=AN8SPfrfpV1fVD671RMt7gltiU7OddeqCg/m=el_main:0:0)
    at Hk (https://translate.googleapis.com/_/translate_http/_/js/k=translate_http.tr.id.dYg8Kd2Ys0c.O/am=BECAAQ/d=1/ed=1/rs=AN8SPfrfpV1fVD671RMt7gltiU7OddeqCg/m=el_main:0:0)
    at Fk (https://translate.googleapis.com/_/translate_http/_/js/k=translate_http.tr.id.dYg8Kd2Ys0c.O/am=BECAAQ/d=1/ed=1/rs=AN8SPfrfpV1fVD671RMt7gltiU7OddeqCg/m=el_main:0:0)
    at Hk (https://translate.googleapis.com/_/translate_http/_/js/k=translate_http.tr.id.dYg8Kd2Ys0c.O/am=BECAAQ/d=1/ed=1/rs=AN8SPfrfpV1fVD671RMt7gltiU7OddeqCg/m=el_main:0:0)
    at Fk (https://translate.googleapis.com/_/translate_http/_/js/k=translate_http.tr.id.dYg8Kd2Ys0c.O/am=BECAAQ/d=1/ed=1/rs=AN8SPfrfpV1fVD671RMt7gltiU7OddeqCg/m=el_main:0:0)
    at Hk (https://translate.googleapis.com/_/translate_http/_/js/k=translate_http.tr.id.dYg8Kd2Ys0c.O/am=BECAAQ/d=1/ed=1/rs=AN8SPfrfpV1fVD671RMt7gltiU7OddeqCg/m=el_main:0:0)
    at Fk (https://translate.googleapis.com/_/translate_http/_/js/k=translate_http.tr.id.dYg8Kd2Ys0c.O/am=BECAAQ/d=1/ed=1/rs=AN8SPfrfpV1fVD671RMt7gltiU7OddeqCg/m=el_main:0:0)
    at Hk (https://translate.googleapis.com/_/translate_http/_/js/k=translate_http.tr.id.dYg8Kd2Ys0c.O/am=BECAAQ/d=1/ed=1/rs=AN8SPfrfpV1fVD671RMt7gltiU7OddeqCg/m=el_main:0:0)
    at Fk (https://translate.googleapis.com/_/translate_http/_/js/k=translate_http.tr.id.dYg8Kd2Ys0c.O/am=BECAAQ/d=1/ed=1/rs=AN8SPfrfpV1fVD671RMt7gltiU7OddeqCg/m=el_main:0:0)
    at Hk (https://translate.googleapis.com/_/translate_http/_/js/k=translate_http.tr.id.dYg8Kd2Ys0c.O/am=BECAAQ/d=1/ed=1/rs=AN8SPfrfpV1fVD671RMt7gltiU7OddeqCg/m=el_main:0:0)
    at Fk (https://translate.googleapis.com/_/translate_http/_/js/k=translate_http.tr.id.dYg8Kd2Ys0c.O/am=BECAAQ/d=1/ed=1/rs=AN8SPfrfpV1fVD671RMt7gltiU7OddeqCg/m=el_main:0:0)
    at Hk (https://translate.googleapis.com/_/translate_http/_/js/k=translate_http.tr.id.dYg8Kd2Ys0c.O/am=BECAAQ/d=1/ed=1/rs=AN8SPfrfpV1fVD671RMt7gltiU7OddeqCg/m=el_main:0:0)
    at Fk (https://translate.googleapis.com/_/translate_http/_/js/k=translate_http.tr.id.dYg8Kd2Ys0c.O/am=BECAAQ/d=1/ed=1/rs=AN8SPfrfpV1fVD671RMt7gltiU7OddeqCg/m=el_main:0:0)
    at Hk (https://translate.googleapis.com/_/translate_http/_/js/k=translate_http.tr.id.dYg8Kd2Ys0c.O/am=BECAAQ/d=1/ed=1/rs=AN8SPfrfpV1fVD671RMt7gltiU7OddeqCg/m=el_main:0:0)
    at Fk (https://translate.googleapis.com/_/translate_http/_/js/k=translate_http.tr.id.dYg8Kd2Ys0c.O/am=BECAAQ/d=1/ed=1/rs=AN8SPfrfpV1fVD671RMt7gltiU7OddeqCg/m=el_main:0:0)
    at Hk (https://translate.googleapis.com/_/translate_http/_/js/k=translate_http.tr.id.dYg8Kd2Ys0c.O/am=BECAAQ/d=1/ed=1/rs=AN8SPfrfpV1fVD671RMt7gltiU7OddeqCg/m=el_main:0:0)
