[      78ms] [LOG] Fetching stations… @ http://localhost:8081/map-check.local.html:74
[     164ms] [LOG] Got 7 stations. @ http://localhost:8081/map-check.local.html:74
[    1040ms] [WARNING] Image "wetland_bg_11" could not be loaded. Please make sure you have added the image with map.addImage() or a "sprite" property in your style. You can provide missing images by listening for the "styleimagemissing" map event. @ https://unpkg.com/maplibre-gl@4.7.1/dist/maplibre-gl.js:41
[    1040ms] [WARNING] Image "pedestrian_polygon" could not be loaded. Please make sure you have added the image with map.addImage() or a "sprite" property in your style. You can provide missing images by listening for the "styleimagemissing" map event. @ https://unpkg.com/maplibre-gl@4.7.1/dist/maplibre-gl.js:41
[    2565ms] [LOG]   buaran: isochrone rendered @ http://localhost:8081/map-check.local.html:74
[    2685ms] [LOG]   buaran: 8 POIs plotted @ http://localhost:8081/map-check.local.html:74
[    2714ms] [LOG]   cakung: isochrone rendered @ http://localhost:8081/map-check.local.html:74
[    2749ms] [LOG]   cakung: 0 POIs plotted @ http://localhost:8081/map-check.local.html:74
[    2769ms] [LOG]   jatinegara: isochrone rendered @ http://localhost:8081/map-check.local.html:74
[    2811ms] [LOG]   jatinegara: 11 POIs plotted @ http://localhost:8081/map-check.local.html:74
[    2833ms] [LOG]   klender: isochrone rendered @ http://localhost:8081/map-check.local.html:74
[    2871ms] [LOG]   klender: 10 POIs plotted @ http://localhost:8081/map-check.local.html:74
[    2898ms] [LOG]   klender_baru: isochrone rendered @ http://localhost:8081/map-check.local.html:74
[    2928ms] [LOG]   klender_baru: 6 POIs plotted @ http://localhost:8081/map-check.local.html:74
[    2950ms] [LOG]   matraman: isochrone rendered @ http://localhost:8081/map-check.local.html:74
[    2982ms] [LOG]   matraman: 16 POIs plotted @ http://localhost:8081/map-check.local.html:74
[    3001ms] [LOG]   pondok_jati: isochrone rendered @ http://localhost:8081/map-check.local.html:74
[    3048ms] [LOG]   pondok_jati: 20 POIs plotted @ http://localhost:8081/map-check.local.html:74
[    3049ms] [LOG] 
All data loaded. window.__verification is ready. @ http://localhost:8081/map-check.local.html:74
