[     104ms] [LOG] Fetching stations… @ http://localhost:8082/map-check.local.html:79
[     127ms] [LOG] Got 7 stations. @ http://localhost:8082/map-check.local.html:79
[     487ms] [WARNING] Image "wetland_bg_11" could not be loaded. Please make sure you have added the image with map.addImage() or a "sprite" property in your style. You can provide missing images by listening for the "styleimagemissing" map event. @ https://unpkg.com/maplibre-gl@4.7.1/dist/maplibre-gl.js:41
[     487ms] [WARNING] Image "pedestrian_polygon" could not be loaded. Please make sure you have added the image with map.addImage() or a "sprite" property in your style. You can provide missing images by listening for the "styleimagemissing" map event. @ https://unpkg.com/maplibre-gl@4.7.1/dist/maplibre-gl.js:41
[    1383ms] [LOG]   buaran: isochrone rendered @ http://localhost:8082/map-check.local.html:79
[    1409ms] [LOG]   buaran: 8 POIs plotted @ http://localhost:8082/map-check.local.html:79
[    1426ms] [LOG]   cakung: isochrone rendered @ http://localhost:8082/map-check.local.html:79
[    1448ms] [LOG]   cakung: 0 POIs plotted @ http://localhost:8082/map-check.local.html:79
[    1466ms] [LOG]   jatinegara: isochrone rendered @ http://localhost:8082/map-check.local.html:79
[    1493ms] [LOG]   jatinegara: 11 POIs plotted @ http://localhost:8082/map-check.local.html:79
[    1511ms] [LOG]   klender: isochrone rendered @ http://localhost:8082/map-check.local.html:79
[    1544ms] [LOG]   klender: 10 POIs plotted @ http://localhost:8082/map-check.local.html:79
[    1564ms] [LOG]   klender_baru: isochrone rendered @ http://localhost:8082/map-check.local.html:79
[    1592ms] [LOG]   klender_baru: 6 POIs plotted @ http://localhost:8082/map-check.local.html:79
[    1612ms] [LOG]   matraman: isochrone rendered @ http://localhost:8082/map-check.local.html:79
[    1641ms] [LOG]   matraman: 16 POIs plotted @ http://localhost:8082/map-check.local.html:79
[    1659ms] [LOG]   pondok_jati: isochrone rendered @ http://localhost:8082/map-check.local.html:79
[    1690ms] [LOG]   pondok_jati: 20 POIs plotted @ http://localhost:8082/map-check.local.html:79
[    1691ms] [LOG] 
All data loaded. window.__verification is ready. @ http://localhost:8082/map-check.local.html:79
